// Jest Snapshot v1, https://goo.gl/fbAQLP

exports[`should render ExpensesSummary with 1 expense correctly 1`] = `
<div>
  <h1>
    Viewing 
     
    expenses
    , totalling 
    $0.00
  </h1>
</div>
`;

exports[`should render ExpensesSummary with 2 or more expenses correctly 1`] = `
<div>
  <h1>
    Viewing 
     
    expenses
    , totalling 
    $0.00
  </h1>
</div>
`;
